      ---------------core35[1:x]
      ------------socket1[1:x]
      ---------node1[1:s]
      ------rack0[1:s]
      ---tiny0[1:s]
INFO: =============================
INFO: JOBID=1
INFO: RESOURCES=ALLOCATED
INFO: SCHEDULED AT=Now
INFO: =============================
      ---------------core17[1:x]
      ------------socket0[1:x]
      ---------node1[1:s]
      ------rack0[1:s]
      ---tiny0[1:s]
INFO: =============================
INFO: JOBID=2
INFO: RESOURCES=ALLOCATED
INFO: SCHEDULED AT=Now
INFO: =============================
      ---------------core35[1:x]
      ------------socket1[1:x]
      ---------node0[1:s]
      ------rack0[1:s]
      ---tiny0[1:s]
INFO: =============================
INFO: JOBID=3
INFO: RESOURCES=ALLOCATED
INFO: SCHEDULED AT=Now
INFO: =============================
      ---------------core17[1:x]
      ------------socket0[1:x]
      ---------node0[1:s]
      ------rack0[1:s]
      ---tiny0[1:s]
INFO: =============================
INFO: JOBID=4
INFO: RESOURCES=ALLOCATED
INFO: SCHEDULED AT=Now
INFO: =============================
      ---------------core35[1:x]
      ------------socket1[1:x]
      ---------node1[1:s]
      ------rack0[1:s]
      ---tiny0[1:s]
INFO: =============================
INFO: JOBID=5
INFO: RESOURCES=RESERVED
INFO: SCHEDULED AT=3600
INFO: =============================
      ---------------core17[1:x]
      ------------socket0[1:x]
      ---------node1[1:s]
      ------rack0[1:s]
      ---tiny0[1:s]
INFO: =============================
INFO: JOBID=6
INFO: RESOURCES=RESERVED
INFO: SCHEDULED AT=3600
INFO: =============================
      ---------------core35[1:x]
      ------------socket1[1:x]
      ---------node0[1:s]
      ------rack0[1:s]
      ---tiny0[1:s]
INFO: =============================
INFO: JOBID=7
INFO: RESOURCES=RESERVED
INFO: SCHEDULED AT=3600
INFO: =============================
      ---------------core17[1:x]
      ------------socket0[1:x]
      ---------node0[1:s]
      ------rack0[1:s]
      ---tiny0[1:s]
INFO: =============================
INFO: JOBID=8
INFO: RESOURCES=RESERVED
INFO: SCHEDULED AT=3600
INFO: =============================
      ---------------core35[1:x]
      ------------socket1[1:x]
      ---------node1[1:s]
      ------rack0[1:s]
      ---tiny0[1:s]
INFO: =============================
INFO: JOBID=9
INFO: RESOURCES=RESERVED
INFO: SCHEDULED AT=7200
INFO: =============================
      ---------------core17[1:x]
      ------------socket0[1:x]
      ---------node1[1:s]
      ------rack0[1:s]
      ---tiny0[1:s]
INFO: =============================
INFO: JOBID=10
INFO: RESOURCES=RESERVED
INFO: SCHEDULED AT=7200
INFO: =============================
