      ---------------core13[1:x]
      ---------------core14[1:x]
      ---------------core15[1:x]
      ---------------core16[1:x]
      ---------------core17[1:x]
      ---------------gpu0[1:x]
      ---------------memory1[2:x]
      ---------------memory2[2:x]
      ---------------memory3[2:x]
      ------------socket0[1:x]
      ---------------core31[1:x]
      ---------------core32[1:x]
      ---------------core33[1:x]
      ---------------core34[1:x]
      ---------------core35[1:x]
      ---------------gpu1[1:x]
      ---------------memory5[2:x]
      ---------------memory6[2:x]
      ---------------memory7[2:x]
      ------------socket1[1:x]
      ---------node1[1:s]
      ------rack0[1:s]
      ---tiny0[1:s]
INFO: =============================
INFO: JOBID=1
INFO: RESOURCES=ALLOCATED
INFO: SCHEDULED AT=Now
INFO: =============================
      ---------------core13[1:x]
      ---------------core14[1:x]
      ---------------core15[1:x]
      ---------------core16[1:x]
      ---------------core17[1:x]
      ---------------gpu0[1:x]
      ---------------memory1[2:x]
      ---------------memory2[2:x]
      ---------------memory3[2:x]
      ------------socket0[1:x]
      ---------------core31[1:x]
      ---------------core32[1:x]
      ---------------core33[1:x]
      ---------------core34[1:x]
      ---------------core35[1:x]
      ---------------gpu1[1:x]
      ---------------memory5[2:x]
      ---------------memory6[2:x]
      ---------------memory7[2:x]
      ------------socket1[1:x]
      ---------node0[1:s]
      ------rack0[1:s]
      ---tiny0[1:s]
INFO: =============================
INFO: JOBID=2
INFO: RESOURCES=ALLOCATED
INFO: SCHEDULED AT=Now
INFO: =============================
INFO: =============================
INFO: No matching resources found
INFO: JOBID=3
INFO: =============================
