      ---------------core28[1:x]
      ---------------core29[1:x]
      ---------------core30[1:x]
      ---------------core31[1:x]
      ---------------core32[1:x]
      ---------------core33[1:x]
      ---------------core34[1:x]
      ---------------core35[1:x]
      ---------------memory7[2:x]
      ------------socket1[1:s]
      ---------node1[1:s]
      ------rack0[1:s]
      ---tiny0[1:s]
INFO: =============================
INFO: JOBID=1
INFO: RESOURCES=ALLOCATED
INFO: SCHEDULED AT=Now
INFO: =============================
      ---------------core28[1:x]
      ---------------core29[1:x]
      ---------------core30[1:x]
      ---------------core31[1:x]
      ---------------core32[1:x]
      ---------------core33[1:x]
      ---------------core34[1:x]
      ---------------core35[1:x]
      ---------------memory7[2:x]
      ------------socket1[1:s]
      ---------node0[1:s]
      ------rack0[1:s]
      ---tiny0[1:s]
INFO: =============================
INFO: JOBID=2
INFO: RESOURCES=ALLOCATED
INFO: SCHEDULED AT=Now
INFO: =============================
      ---------------core20[1:x]
      ---------------core21[1:x]
      ---------------core22[1:x]
      ---------------core23[1:x]
      ---------------core24[1:x]
      ---------------core25[1:x]
      ---------------core26[1:x]
      ---------------core27[1:x]
      ---------------memory6[2:x]
      ------------socket1[1:s]
      ---------node0[1:s]
      ------rack0[1:s]
      ---tiny0[1:s]
INFO: =============================
INFO: JOBID=3
INFO: RESOURCES=ALLOCATED
INFO: SCHEDULED AT=Now
INFO: =============================
      ---------------core20[1:x]
      ---------------core21[1:x]
      ---------------core22[1:x]
      ---------------core23[1:x]
      ---------------core24[1:x]
      ---------------core25[1:x]
      ---------------core26[1:x]
      ---------------core27[1:x]
      ---------------memory6[2:x]
      ------------socket1[1:s]
      ---------node1[1:s]
      ------rack0[1:s]
      ---tiny0[1:s]
INFO: =============================
INFO: JOBID=4
INFO: RESOURCES=ALLOCATED
INFO: SCHEDULED AT=Now
INFO: =============================
      ---------------core10[1:x]
      ---------------core11[1:x]
      ---------------core12[1:x]
      ---------------core13[1:x]
      ---------------core14[1:x]
      ---------------core15[1:x]
      ---------------core16[1:x]
      ---------------core17[1:x]
      ---------------memory3[2:x]
      ------------socket0[1:s]
      ---------node0[1:s]
      ------rack0[1:s]
      ---tiny0[1:s]
INFO: =============================
INFO: JOBID=5
INFO: RESOURCES=ALLOCATED
INFO: SCHEDULED AT=Now
INFO: =============================
      ---------------core10[1:x]
      ---------------core11[1:x]
      ---------------core12[1:x]
      ---------------core13[1:x]
      ---------------core14[1:x]
      ---------------core15[1:x]
      ---------------core16[1:x]
      ---------------core17[1:x]
      ---------------memory3[2:x]
      ------------socket0[1:s]
      ---------node1[1:s]
      ------rack0[1:s]
      ---tiny0[1:s]
INFO: =============================
INFO: JOBID=6
INFO: RESOURCES=ALLOCATED
INFO: SCHEDULED AT=Now
INFO: =============================
      ---------------core2[1:x]
      ---------------core3[1:x]
      ---------------core4[1:x]
      ---------------core5[1:x]
      ---------------core6[1:x]
      ---------------core7[1:x]
      ---------------core8[1:x]
      ---------------core9[1:x]
      ---------------memory2[2:x]
      ------------socket0[1:s]
      ---------node0[1:s]
      ------rack0[1:s]
      ---tiny0[1:s]
INFO: =============================
INFO: JOBID=7
INFO: RESOURCES=ALLOCATED
INFO: SCHEDULED AT=Now
INFO: =============================
      ---------------core2[1:x]
      ---------------core3[1:x]
      ---------------core4[1:x]
      ---------------core5[1:x]
      ---------------core6[1:x]
      ---------------core7[1:x]
      ---------------core8[1:x]
      ---------------core9[1:x]
      ---------------memory2[2:x]
      ------------socket0[1:s]
      ---------node1[1:s]
      ------rack0[1:s]
      ---tiny0[1:s]
INFO: =============================
INFO: JOBID=8
INFO: RESOURCES=ALLOCATED
INFO: SCHEDULED AT=Now
INFO: =============================
INFO: =============================
INFO: No matching resources found
INFO: JOBID=9
INFO: =============================
