      ---------------core18[1:x]
      ---------------core19[1:x]
      ---------------core20[1:x]
      ---------------core21[1:x]
      ---------------core22[1:x]
      ---------------core23[1:x]
      ---------------core24[1:x]
      ---------------core25[1:x]
      ---------------core26[1:x]
      ---------------core27[1:x]
      ---------------core28[1:x]
      ---------------core29[1:x]
      ---------------core30[1:x]
      ---------------core31[1:x]
      ---------------core32[1:x]
      ---------------core33[1:x]
      ---------------core34[1:x]
      ---------------core35[1:x]
      ------------socket1[1:x]
      ---------node1[1:s]
      ------rack0[1:s]
      ---tiny0[1:s]
INFO: =============================
INFO: JOBID=1
INFO: RESOURCES=ALLOCATED
INFO: SCHEDULED AT=Now
INFO: =============================
INFO: =============================
INFO: No matching resources found
INFO: JOBID=2
INFO: =============================
