      ------------power1[10:x]
      ---------node9[1:x]
      ------------power1[10:x]
      ---------node10[1:x]
      ------------power1[10:x]
      ---------node11[1:x]
      ------------power1[10:x]
      ---------node12[1:x]
      ------------power1[10:x]
      ---------node13[1:x]
      ------------power1[10:x]
      ---------node14[1:x]
      ------------power1[10:x]
      ---------node15[1:x]
      ------------power1[10:x]
      ---------node16[1:x]
      ------------power1[10:x]
      ---------node17[1:x]
      ---------power31[10:x]
      ---------power32[10:x]
      ---------power33[10:x]
      ---------power34[10:x]
      ---------power35[10:x]
      ---------power36[10:x]
      ---------power37[10:x]
      ---------power38[10:x]
      ---------power39[10:x]
      ------pdu0[1:s]
      ------power199[10:x]
      ---powerpanel0[1:s]
INFO: =============================
INFO: JOBID=1
INFO: RESOURCES=ALLOCATED
INFO: SCHEDULED AT=Now
INFO: =============================
      ------------power1[10:x]
      ---------node70[1:x]
      ------------power1[10:x]
      ---------node71[1:x]
      ---------power38[10:x]
      ---------power39[10:x]
      ------pdu0[1:s]
      ---powerpanel0[1:s]
INFO: =============================
INFO: JOBID=2
INFO: RESOURCES=ALLOCATED
INFO: SCHEDULED AT=Now
INFO: =============================
