      ------------power0[10:x]
      ---------node0[1:x]
      ------------power0[10:x]
      ---------node1[1:x]
      ------------power0[10:x]
      ---------node2[1:x]
      ------------power0[10:x]
      ---------node3[1:x]
      ------------power0[10:x]
      ---------node4[1:x]
      ------------power0[10:x]
      ---------node5[1:x]
      ------------power0[10:x]
      ---------node6[1:x]
      ------------power0[10:x]
      ---------node7[1:x]
      ------------power0[10:x]
      ---------node8[1:x]
      ---------power0[10:x]
      ---------power1[10:x]
      ---------power2[10:x]
      ---------power3[10:x]
      ---------power4[10:x]
      ---------power5[10:x]
      ---------power6[10:x]
      ---------power7[10:x]
      ---------power8[10:x]
      ------pdu0[1:s]
      ------power0[10:x]
      ---powerpanel0[1:s]
INFO: =============================
INFO: JOBID=1
INFO: RESOURCES=ALLOCATED
INFO: SCHEDULED AT=Now
INFO: =============================
      ------------power0[10:x]
      ---------node9[1:x]
      ---------power9[10:x]
      ------pdu0[1:s]
      ------------power0[10:x]
      ---------node18[1:x]
      ---------power0[10:x]
      ------pdu0[1:s]
      ---powerpanel0[1:s]
INFO: =============================
INFO: JOBID=2
INFO: RESOURCES=ALLOCATED
INFO: SCHEDULED AT=Now
INFO: =============================
