      ---------core0[1:x]
      ---------core1[1:x]
      ---------core2[1:x]
      ---------core3[1:x]
      ---------core4[1:x]
      ---------core5[1:x]
      ---------core6[1:x]
      ---------core7[1:x]
      ---------core8[1:x]
      ---------core9[1:x]
      ---------core10[1:x]
      ---------core11[1:x]
      ---------core12[1:x]
      ---------core13[1:x]
      ---------core14[1:x]
      ---------core15[1:x]
      ---------gpu0[1:x]
      ---------gpu1[1:x]
      ---------gpu2[1:x]
      ---------gpu3[1:x]
      ------node0[1:x]
      ---------core0[1:x]
      ---------core1[1:x]
      ---------core2[1:x]
      ---------core3[1:x]
      ---------core4[1:x]
      ---------core5[1:x]
      ---------core6[1:x]
      ---------core7[1:x]
      ---------core8[1:x]
      ---------core9[1:x]
      ---------core10[1:x]
      ---------core11[1:x]
      ---------core12[1:x]
      ---------core13[1:x]
      ---------core14[1:x]
      ---------core15[1:x]
      ---------gpu0[1:x]
      ---------gpu1[1:x]
      ---------gpu2[1:x]
      ---------gpu3[1:x]
      ------node1[1:x]
      ---cluster0[1:s]
INFO: =============================
INFO: JOBID=1
INFO: RESOURCES=ALLOCATED
INFO: SCHEDULED AT=Now
INFO: =============================
ERROR: unsupported reader foo
