INFO: =============================
INFO: No matching resources found
INFO: Unsatisfiable request
INFO: JOBID=1
INFO: =============================
INFO: =============================
INFO: No matching resources found
INFO: Unsatisfiable request
INFO: JOBID=2
INFO: =============================
INFO: =============================
INFO: Unsatisfiable request
INFO: =============================
INFO: =============================
INFO: No matching resources found
INFO: Unsatisfiable request
INFO: JOBID=3
INFO: =============================
INFO: =============================
INFO: No matching resources found
INFO: Unsatisfiable request
INFO: JOBID=4
INFO: =============================
INFO: =============================
INFO: Unsatisfiable request
INFO: =============================
INFO: =============================
INFO: No matching resources found
INFO: Unsatisfiable request
INFO: JOBID=5
INFO: =============================
INFO: =============================
INFO: No matching resources found
INFO: Unsatisfiable request
INFO: JOBID=6
INFO: =============================
INFO: =============================
INFO: Unsatisfiable request
INFO: =============================
INFO: =============================
INFO: No matching resources found
INFO: Unsatisfiable request
INFO: JOBID=7
INFO: =============================
INFO: =============================
INFO: No matching resources found
INFO: Unsatisfiable request
INFO: JOBID=8
INFO: =============================
INFO: =============================
INFO: Unsatisfiable request
INFO: =============================
INFO: =============================
INFO: No matching resources found
INFO: Unsatisfiable request
INFO: JOBID=9
INFO: =============================
INFO: =============================
INFO: No matching resources found
INFO: JOBID=10
INFO: =============================
INFO: =============================
INFO: Unsatisfiable request
INFO: =============================
INFO: =============================
INFO: No matching resources found
INFO: Unsatisfiable request
INFO: JOBID=11
INFO: =============================
INFO: =============================
INFO: No matching resources found
INFO: Unsatisfiable request
INFO: JOBID=12
INFO: =============================
