INFO: =============================
INFO: No matching resources found
INFO: Unsatisfiable request
INFO: JOBID=1
INFO: =============================
INFO: =============================
INFO: No matching resources found
INFO: Unsatisfiable request
INFO: JOBID=2
INFO: =============================
INFO: =============================
INFO: Unsatisfiable request
INFO: =============================
INFO: =============================
INFO: No matching resources found
INFO: Unsatisfiable request
INFO: JOBID=3
INFO: =============================
INFO: =============================
INFO: No matching resources found
INFO: Unsatisfiable request
INFO: JOBID=4
INFO: =============================
INFO: =============================
INFO: Unsatisfiable request
INFO: =============================
INFO: =============================
INFO: No matching resources found
INFO: Unsatisfiable request
INFO: JOBID=5
INFO: =============================
INFO: =============================
INFO: No matching resources found
INFO: JOBID=6
INFO: =============================
INFO: =============================
INFO: Unsatisfiable request
INFO: =============================
