ERROR: Jobspec error for 1: Value of "type" must be a resource type known to fluxion
ERROR: Jobspec error for 1: Value of "type" must be a resource type known to fluxion
ERROR: Jobspec error for 1: Value of "type" must be a resource type known to fluxion
