      ---------node54[1:x]
      ---------node55[1:x]
      ---------node56[1:x]
      ---------node57[1:x]
      ---------node58[1:x]
      ---------node59[1:x]
      ---------node60[1:x]
      ---------node61[1:x]
      ---------node62[1:x]
      ---------node63[1:x]
      ---------node64[1:x]
      ---------node65[1:x]
      ---------node66[1:x]
      ---------node67[1:x]
      ---------node68[1:x]
      ---------node69[1:x]
      ---------node70[1:x]
      ---------node71[1:x]
      ------rack3[1:x]
      ---medium0[1:s]
INFO: =============================
INFO: JOBID=1
INFO: RESOURCES=ALLOCATED
INFO: SCHEDULED AT=Now
INFO: =============================
      ---------node36[1:x]
      ---------node37[1:x]
      ---------node38[1:x]
      ---------node39[1:x]
      ---------node40[1:x]
      ---------node41[1:x]
      ---------node42[1:x]
      ---------node43[1:x]
      ---------node44[1:x]
      ---------node45[1:x]
      ---------node46[1:x]
      ---------node47[1:x]
      ---------node48[1:x]
      ---------node49[1:x]
      ---------node50[1:x]
      ---------node51[1:x]
      ---------node52[1:x]
      ---------node53[1:x]
      ------rack2[1:x]
      ---medium0[1:s]
INFO: =============================
INFO: JOBID=2
INFO: RESOURCES=ALLOCATED
INFO: SCHEDULED AT=Now
INFO: =============================
      ---------node18[1:x]
      ---------node19[1:x]
      ---------node20[1:x]
      ---------node21[1:x]
      ---------node22[1:x]
      ---------node23[1:x]
      ---------node24[1:x]
      ---------node25[1:x]
      ---------node26[1:x]
      ---------node27[1:x]
      ---------node28[1:x]
      ---------node29[1:x]
      ---------node30[1:x]
      ---------node31[1:x]
      ---------node32[1:x]
      ---------node33[1:x]
      ---------node34[1:x]
      ---------node35[1:x]
      ------rack1[1:x]
      ---medium0[1:s]
INFO: =============================
INFO: JOBID=3
INFO: RESOURCES=ALLOCATED
INFO: SCHEDULED AT=Now
INFO: =============================
      ---------node0[1:x]
      ---------node1[1:x]
      ---------node2[1:x]
      ---------node3[1:x]
      ---------node4[1:x]
      ---------node5[1:x]
      ---------node6[1:x]
      ---------node7[1:x]
      ---------node8[1:x]
      ---------node9[1:x]
      ---------node10[1:x]
      ---------node11[1:x]
      ---------node12[1:x]
      ---------node13[1:x]
      ---------node14[1:x]
      ---------node15[1:x]
      ---------node16[1:x]
      ---------node17[1:x]
      ------rack0[1:x]
      ---medium0[1:s]
INFO: =============================
INFO: JOBID=4
INFO: RESOURCES=ALLOCATED
INFO: SCHEDULED AT=Now
INFO: =============================
INFO: =============================
INFO: No matching resources found
INFO: JOBID=5
INFO: =============================
