{"graph": {"nodes": [{"id": "13081", "metadata": {"type": "core", "id": 0, "rank": -1, "exclusive": true, "paths": {"containment": "/disaggr0/cpu_rack0/cpu_group0/socket0/core0"}, "ephemeral": {"label": "charlie"}}}, {"id": "13082", "metadata": {"type": "core", "id": 1, "rank": -1, "exclusive": true, "paths": {"containment": "/disaggr0/cpu_rack0/cpu_group0/socket0/core1"}, "ephemeral": {"label": "charlie"}}}, {"id": "13083", "metadata": {"type": "core", "id": 2, "rank": -1, "exclusive": true, "paths": {"containment": "/disaggr0/cpu_rack0/cpu_group0/socket0/core2"}, "ephemeral": {"label": "charlie"}}}, {"id": "13084", "metadata": {"type": "core", "id": 3, "rank": -1, "exclusive": true, "paths": {"containment": "/disaggr0/cpu_rack0/cpu_group0/socket0/core3"}, "ephemeral": {"label": "charlie"}}}, {"id": "13085", "metadata": {"type": "core", "id": 4, "rank": -1, "exclusive": true, "paths": {"containment": "/disaggr0/cpu_rack0/cpu_group0/socket0/core4"}, "ephemeral": {"label": "charlie"}}}, {"id": "13086", "metadata": {"type": "core", "id": 5, "rank": -1, "exclusive": true, "paths": {"containment": "/disaggr0/cpu_rack0/cpu_group0/socket0/core5"}, "ephemeral": {"label": "charlie"}}}, {"id": "13087", "metadata": {"type": "core", "id": 6, "rank": -1, "exclusive": true, "paths": {"containment": "/disaggr0/cpu_rack0/cpu_group0/socket0/core6"}, "ephemeral": {"label": "charlie"}}}, {"id": "13088", "metadata": {"type": "core", "id": 7, "rank": -1, "exclusive": true, "paths": {"containment": "/disaggr0/cpu_rack0/cpu_group0/socket0/core7"}, "ephemeral": {"label": "charlie"}}}, {"id": "13089", "metadata": {"type": "core", "id": 8, "rank": -1, "exclusive": true, "paths": {"containment": "/disaggr0/cpu_rack0/cpu_group0/socket0/core8"}, "ephemeral": {"label": "charlie"}}}, {"id": "13090", "metadata": {"type": "core", "id": 9, "rank": -1, "exclusive": true, "paths": {"containment": "/disaggr0/cpu_rack0/cpu_group0/socket0/core9"}, "ephemeral": {"label": "charlie"}}}, {"id": "13091", "metadata": {"type": "core", "id": 10, "rank": -1, "exclusive": true, "paths": {"containment": "/disaggr0/cpu_rack0/cpu_group0/socket0/core10"}, "ephemeral": {"label": "charlie"}}}, {"id": "13092", "metadata": {"type": "core", "id": 11, "rank": -1, "exclusive": true, "paths": {"containment": "/disaggr0/cpu_rack0/cpu_group0/socket0/core11"}, "ephemeral": {"label": "charlie"}}}, {"id": "13093", "metadata": {"type": "core", "id": 12, "rank": -1, "exclusive": true, "paths": {"containment": "/disaggr0/cpu_rack0/cpu_group0/socket0/core12"}, "ephemeral": {"label": "charlie"}}}, {"id": "13094", "metadata": {"type": "core", "id": 13, "rank": -1, "exclusive": true, "paths": {"containment": "/disaggr0/cpu_rack0/cpu_group0/socket0/core13"}, "ephemeral": {"label": "charlie"}}}, {"id": "13095", "metadata": {"type": "core", "id": 14, "rank": -1, "exclusive": true, "paths": {"containment": "/disaggr0/cpu_rack0/cpu_group0/socket0/core14"}, "ephemeral": {"label": "charlie"}}}, {"id": "13096", "metadata": {"type": "core", "id": 15, "rank": -1, "exclusive": true, "paths": {"containment": "/disaggr0/cpu_rack0/cpu_group0/socket0/core15"}, "ephemeral": {"label": "charlie"}}}, {"id": "13097", "metadata": {"type": "core", "id": 16, "rank": -1, "exclusive": true, "paths": {"containment": "/disaggr0/cpu_rack0/cpu_group0/socket0/core16"}, "ephemeral": {"label": "charlie"}}}, {"id": "13098", "metadata": {"type": "core", "id": 17, "rank": -1, "exclusive": true, "paths": {"containment": "/disaggr0/cpu_rack0/cpu_group0/socket0/core17"}, "ephemeral": {"label": "charlie"}}}, {"id": "13099", "metadata": {"type": "core", "id": 18, "rank": -1, "exclusive": true, "paths": {"containment": "/disaggr0/cpu_rack0/cpu_group0/socket0/core18"}, "ephemeral": {"label": "charlie"}}}, {"id": "13100", "metadata": {"type": "core", "id": 19, "rank": -1, "exclusive": true, "paths": {"containment": "/disaggr0/cpu_rack0/cpu_group0/socket0/core19"}, "ephemeral": {"label": "charlie"}}}, {"id": "13101", "metadata": {"type": "core", "id": 20, "rank": -1, "exclusive": true, "paths": {"containment": "/disaggr0/cpu_rack0/cpu_group0/socket0/core20"}, "ephemeral": {"label": "charlie"}}}, {"id": "13102", "metadata": {"type": "core", "id": 21, "rank": -1, "exclusive": true, "paths": {"containment": "/disaggr0/cpu_rack0/cpu_group0/socket0/core21"}, "ephemeral": {"label": "charlie"}}}, {"id": "4441", "metadata": {"type": "socket", "id": 0, "rank": -1, "paths": {"containment": "/disaggr0/cpu_rack0/cpu_group0/socket0"}, "ephemeral": {"label": "bravo"}}}, {"id": "13103", "metadata": {"type": "core", "id": 22, "rank": -1, "exclusive": true, "paths": {"containment": "/disaggr0/cpu_rack0/cpu_group0/socket1/core22"}, "ephemeral": {"label": "charlie"}}}, {"id": "13104", "metadata": {"type": "core", "id": 23, "rank": -1, "exclusive": true, "paths": {"containment": "/disaggr0/cpu_rack0/cpu_group0/socket1/core23"}, "ephemeral": {"label": "charlie"}}}, {"id": "13105", "metadata": {"type": "core", "id": 24, "rank": -1, "exclusive": true, "paths": {"containment": "/disaggr0/cpu_rack0/cpu_group0/socket1/core24"}, "ephemeral": {"label": "charlie"}}}, {"id": "13106", "metadata": {"type": "core", "id": 25, "rank": -1, "exclusive": true, "paths": {"containment": "/disaggr0/cpu_rack0/cpu_group0/socket1/core25"}, "ephemeral": {"label": "charlie"}}}, {"id": "13107", "metadata": {"type": "core", "id": 26, "rank": -1, "exclusive": true, "paths": {"containment": "/disaggr0/cpu_rack0/cpu_group0/socket1/core26"}, "ephemeral": {"label": "charlie"}}}, {"id": "13108", "metadata": {"type": "core", "id": 27, "rank": -1, "exclusive": true, "paths": {"containment": "/disaggr0/cpu_rack0/cpu_group0/socket1/core27"}, "ephemeral": {"label": "charlie"}}}, {"id": "13109", "metadata": {"type": "core", "id": 28, "rank": -1, "exclusive": true, "paths": {"containment": "/disaggr0/cpu_rack0/cpu_group0/socket1/core28"}, "ephemeral": {"label": "charlie"}}}, {"id": "13110", "metadata": {"type": "core", "id": 29, "rank": -1, "exclusive": true, "paths": {"containment": "/disaggr0/cpu_rack0/cpu_group0/socket1/core29"}, "ephemeral": {"label": "charlie"}}}, {"id": "13111", "metadata": {"type": "core", "id": 30, "rank": -1, "exclusive": true, "paths": {"containment": "/disaggr0/cpu_rack0/cpu_group0/socket1/core30"}, "ephemeral": {"label": "charlie"}}}, {"id": "13112", "metadata": {"type": "core", "id": 31, "rank": -1, "exclusive": true, "paths": {"containment": "/disaggr0/cpu_rack0/cpu_group0/socket1/core31"}, "ephemeral": {"label": "charlie"}}}, {"id": "13113", "metadata": {"type": "core", "id": 32, "rank": -1, "exclusive": true, "paths": {"containment": "/disaggr0/cpu_rack0/cpu_group0/socket1/core32"}, "ephemeral": {"label": "charlie"}}}, {"id": "13114", "metadata": {"type": "core", "id": 33, "rank": -1, "exclusive": true, "paths": {"containment": "/disaggr0/cpu_rack0/cpu_group0/socket1/core33"}, "ephemeral": {"label": "charlie"}}}, {"id": "13115", "metadata": {"type": "core", "id": 34, "rank": -1, "exclusive": true, "paths": {"containment": "/disaggr0/cpu_rack0/cpu_group0/socket1/core34"}, "ephemeral": {"label": "charlie"}}}, {"id": "13116", "metadata": {"type": "core", "id": 35, "rank": -1, "exclusive": true, "paths": {"containment": "/disaggr0/cpu_rack0/cpu_group0/socket1/core35"}, "ephemeral": {"label": "charlie"}}}, {"id": "13117", "metadata": {"type": "core", "id": 36, "rank": -1, "exclusive": true, "paths": {"containment": "/disaggr0/cpu_rack0/cpu_group0/socket1/core36"}, "ephemeral": {"label": "charlie"}}}, {"id": "13118", "metadata": {"type": "core", "id": 37, "rank": -1, "exclusive": true, "paths": {"containment": "/disaggr0/cpu_rack0/cpu_group0/socket1/core37"}, "ephemeral": {"label": "charlie"}}}, {"id": "13119", "metadata": {"type": "core", "id": 38, "rank": -1, "exclusive": true, "paths": {"containment": "/disaggr0/cpu_rack0/cpu_group0/socket1/core38"}, "ephemeral": {"label": "charlie"}}}, {"id": "13120", "metadata": {"type": "core", "id": 39, "rank": -1, "exclusive": true, "paths": {"containment": "/disaggr0/cpu_rack0/cpu_group0/socket1/core39"}, "ephemeral": {"label": "charlie"}}}, {"id": "13121", "metadata": {"type": "core", "id": 40, "rank": -1, "exclusive": true, "paths": {"containment": "/disaggr0/cpu_rack0/cpu_group0/socket1/core40"}, "ephemeral": {"label": "charlie"}}}, {"id": "13122", "metadata": {"type": "core", "id": 41, "rank": -1, "exclusive": true, "paths": {"containment": "/disaggr0/cpu_rack0/cpu_group0/socket1/core41"}, "ephemeral": {"label": "charlie"}}}, {"id": "13123", "metadata": {"type": "core", "id": 42, "rank": -1, "exclusive": true, "paths": {"containment": "/disaggr0/cpu_rack0/cpu_group0/socket1/core42"}, "ephemeral": {"label": "charlie"}}}, {"id": "13124", "metadata": {"type": "core", "id": 43, "rank": -1, "exclusive": true, "paths": {"containment": "/disaggr0/cpu_rack0/cpu_group0/socket1/core43"}, "ephemeral": {"label": "charlie"}}}, {"id": "4442", "metadata": {"type": "socket", "id": 1, "rank": -1, "paths": {"containment": "/disaggr0/cpu_rack0/cpu_group0/socket1"}, "ephemeral": {"label": "bravo"}}}, {"id": "121", "metadata": {"type": "cpu_group", "id": 0, "rank": -1, "paths": {"containment": "/disaggr0/cpu_rack0/cpu_group0"}, "ephemeral": {"label": "alpha"}}}, {"id": "1", "metadata": {"type": "cpu_rack", "id": 0, "rank": -1, "paths": {"containment": "/disaggr0/cpu_rack0"}}}, {"id": "205381", "metadata": {"type": "gpu", "id": 0, "rank": -1, "exclusive": true, "paths": {"containment": "/disaggr0/gpu_rack0/gpu_group0/gpu0"}, "ephemeral": {"label": "foxtrot"}}}, {"id": "205382", "metadata": {"type": "gpu", "id": 1, "rank": -1, "exclusive": true, "paths": {"containment": "/disaggr0/gpu_rack0/gpu_group0/gpu1"}, "ephemeral": {"label": "foxtrot"}}}, {"id": "205383", "metadata": {"type": "gpu", "id": 2, "rank": -1, "exclusive": true, "paths": {"containment": "/disaggr0/gpu_rack0/gpu_group0/gpu2"}, "ephemeral": {"label": "foxtrot"}}}, {"id": "205384", "metadata": {"type": "gpu", "id": 3, "rank": -1, "exclusive": true, "paths": {"containment": "/disaggr0/gpu_rack0/gpu_group0/gpu3"}, "ephemeral": {"label": "foxtrot"}}}, {"id": "205385", "metadata": {"type": "gpu", "id": 4, "rank": -1, "exclusive": true, "paths": {"containment": "/disaggr0/gpu_rack0/gpu_group0/gpu4"}, "ephemeral": {"label": "foxtrot"}}}, {"id": "205386", "metadata": {"type": "gpu", "id": 5, "rank": -1, "exclusive": true, "paths": {"containment": "/disaggr0/gpu_rack0/gpu_group0/gpu5"}, "ephemeral": {"label": "foxtrot"}}}, {"id": "205387", "metadata": {"type": "gpu", "id": 6, "rank": -1, "exclusive": true, "paths": {"containment": "/disaggr0/gpu_rack0/gpu_group0/gpu6"}, "ephemeral": {"label": "foxtrot"}}}, {"id": "205388", "metadata": {"type": "gpu", "id": 7, "rank": -1, "exclusive": true, "paths": {"containment": "/disaggr0/gpu_rack0/gpu_group0/gpu7"}, "ephemeral": {"label": "foxtrot"}}}, {"id": "203221", "metadata": {"type": "gpu_group", "id": 0, "rank": -1, "paths": {"containment": "/disaggr0/gpu_rack0/gpu_group0"}, "ephemeral": {"label": "echo"}}}, {"id": "205389", "metadata": {"type": "gpu", "id": 8, "rank": -1, "exclusive": true, "paths": {"containment": "/disaggr0/gpu_rack0/gpu_group1/gpu8"}, "ephemeral": {"label": "foxtrot"}}}, {"id": "205390", "metadata": {"type": "gpu", "id": 9, "rank": -1, "exclusive": true, "paths": {"containment": "/disaggr0/gpu_rack0/gpu_group1/gpu9"}, "ephemeral": {"label": "foxtrot"}}}, {"id": "205391", "metadata": {"type": "gpu", "id": 10, "rank": -1, "exclusive": true, "paths": {"containment": "/disaggr0/gpu_rack0/gpu_group1/gpu10"}, "ephemeral": {"label": "foxtrot"}}}, {"id": "205392", "metadata": {"type": "gpu", "id": 11, "rank": -1, "exclusive": true, "paths": {"containment": "/disaggr0/gpu_rack0/gpu_group1/gpu11"}, "ephemeral": {"label": "foxtrot"}}}, {"id": "205393", "metadata": {"type": "gpu", "id": 12, "rank": -1, "exclusive": true, "paths": {"containment": "/disaggr0/gpu_rack0/gpu_group1/gpu12"}, "ephemeral": {"label": "foxtrot"}}}, {"id": "205394", "metadata": {"type": "gpu", "id": 13, "rank": -1, "exclusive": true, "paths": {"containment": "/disaggr0/gpu_rack0/gpu_group1/gpu13"}, "ephemeral": {"label": "foxtrot"}}}, {"id": "205395", "metadata": {"type": "gpu", "id": 14, "rank": -1, "exclusive": true, "paths": {"containment": "/disaggr0/gpu_rack0/gpu_group1/gpu14"}, "ephemeral": {"label": "foxtrot"}}}, {"id": "205396", "metadata": {"type": "gpu", "id": 15, "rank": -1, "exclusive": true, "paths": {"containment": "/disaggr0/gpu_rack0/gpu_group1/gpu15"}, "ephemeral": {"label": "foxtrot"}}}, {"id": "203222", "metadata": {"type": "gpu_group", "id": 1, "rank": -1, "paths": {"containment": "/disaggr0/gpu_rack0/gpu_group1"}, "ephemeral": {"label": "echo"}}}, {"id": "203161", "metadata": {"type": "gpu_rack", "id": 0, "rank": -1, "paths": {"containment": "/disaggr0/gpu_rack0"}, "ephemeral": {"label": "delta"}}}, {"id": "0", "metadata": {"type": "cluster", "basename": "disaggr", "id": 0, "rank": -1, "paths": {"containment": "/disaggr0"}}}], "edges": [{"source": "4441", "target": "13081"}, {"source": "4441", "target": "13082"}, {"source": "4441", "target": "13083"}, {"source": "4441", "target": "13084"}, {"source": "4441", "target": "13085"}, {"source": "4441", "target": "13086"}, {"source": "4441", "target": "13087"}, {"source": "4441", "target": "13088"}, {"source": "4441", "target": "13089"}, {"source": "4441", "target": "13090"}, {"source": "4441", "target": "13091"}, {"source": "4441", "target": "13092"}, {"source": "4441", "target": "13093"}, {"source": "4441", "target": "13094"}, {"source": "4441", "target": "13095"}, {"source": "4441", "target": "13096"}, {"source": "4441", "target": "13097"}, {"source": "4441", "target": "13098"}, {"source": "4441", "target": "13099"}, {"source": "4441", "target": "13100"}, {"source": "4441", "target": "13101"}, {"source": "4441", "target": "13102"}, {"source": "121", "target": "4441"}, {"source": "4442", "target": "13103"}, {"source": "4442", "target": "13104"}, {"source": "4442", "target": "13105"}, {"source": "4442", "target": "13106"}, {"source": "4442", "target": "13107"}, {"source": "4442", "target": "13108"}, {"source": "4442", "target": "13109"}, {"source": "4442", "target": "13110"}, {"source": "4442", "target": "13111"}, {"source": "4442", "target": "13112"}, {"source": "4442", "target": "13113"}, {"source": "4442", "target": "13114"}, {"source": "4442", "target": "13115"}, {"source": "4442", "target": "13116"}, {"source": "4442", "target": "13117"}, {"source": "4442", "target": "13118"}, {"source": "4442", "target": "13119"}, {"source": "4442", "target": "13120"}, {"source": "4442", "target": "13121"}, {"source": "4442", "target": "13122"}, {"source": "4442", "target": "13123"}, {"source": "4442", "target": "13124"}, {"source": "121", "target": "4442"}, {"source": "1", "target": "121"}, {"source": "0", "target": "1"}, {"source": "203221", "target": "205381"}, {"source": "203221", "target": "205382"}, {"source": "203221", "target": "205383"}, {"source": "203221", "target": "205384"}, {"source": "203221", "target": "205385"}, {"source": "203221", "target": "205386"}, {"source": "203221", "target": "205387"}, {"source": "203221", "target": "205388"}, {"source": "203161", "target": "203221"}, {"source": "203222", "target": "205389"}, {"source": "203222", "target": "205390"}, {"source": "203222", "target": "205391"}, {"source": "203222", "target": "205392"}, {"source": "203222", "target": "205393"}, {"source": "203222", "target": "205394"}, {"source": "203222", "target": "205395"}, {"source": "203222", "target": "205396"}, {"source": "203161", "target": "203222"}, {"source": "0", "target": "203161"}]}}
INFO: =============================
INFO: JOBID=1
INFO: RESOURCES=ALLOCATED
INFO: SCHEDULED AT=Now
INFO: =============================
