      ---------ssd0[1024:x]
      ------------core0[1:x]
      ------------core1[1:x]
      ------------core2[1:x]
      ------------core3[1:x]
      ------------core4[1:x]
      ------------core5[1:x]
      ------------core6[1:x]
      ------------core7[1:x]
      ------------core8[1:x]
      ------------core9[1:x]
      ---------compute-01[1:x]
      ------rack0[1:s]
      ---compute0[1:s]
INFO: =============================
INFO: JOBID=1
INFO: RESOURCES=ALLOCATED
INFO: SCHEDULED AT=Now
INFO: =============================
