      ---------------------core1[1:x]
      ------------------socket1[1:x]
      ---------------node1[1:s]
      ------------rack0[1:s]
      ---------mtl1unit0[1:s]
      ------mtl2unit0[1:s]
      ------------ssd2[512:x]
      ------------ssd3[512:x]
      ---------mtl1unit0[1:s]
      ------------ssd0[512:x]
      ------------ssd1[512:x]
      ---------mtl1unit1[1:s]
      ------mtl2unit-ost0[1:s]
      ------------ssd2[512:x]
      ---------mtl1unit1[1:s]
      ------mtl2unit-mdt0[1:s]
      ------------ssd3[512:x]
      ------------ip0[1:x]
      ---------mtl1unit1[1:s]
      ------mtl2unit-mgt0[1:s]
      ---mtl4-test0[1:s]
INFO: =============================
INFO: JOBID=1
INFO: RESOURCES=ALLOCATED
INFO: SCHEDULED AT=Now
INFO: =============================
