/tiny0/rack0/node0 is down
/tiny0/rack0/node0 is up
