/cz0/pfs0/bandwidth0 is up
/cz0/pfs0/bandwidth0 is down
/cz0/pfs0/bandwidth0 is up
