{"graph": {"nodes": [{"id": "4", "metadata": {"type": "socket", "id": 0, "rank": 0, "exclusive": true, "paths": {"containment": "/tiny0/rack0/node0/socket0"}, "agfilter": {"core": "used:0, total:18", "gpu": "used:0, total:1", "memory": "used:0, total:8", "node": "used:0, total:0"}}}, {"id": "5", "metadata": {"type": "socket", "id": 1, "rank": 0, "exclusive": true, "paths": {"containment": "/tiny0/rack0/node0/socket1"}, "agfilter": {"core": "used:0, total:18", "gpu": "used:0, total:1", "memory": "used:0, total:8", "node": "used:0, total:0"}}}, {"id": "2", "metadata": {"type": "node", "id": 0, "rank": 0, "exclusive": true, "paths": {"containment": "/tiny0/rack0/node0"}, "agfilter": {"core": "used:0, total:36", "gpu": "used:0, total:2", "memory": "used:0, total:16"}}}, {"id": "6", "metadata": {"type": "socket", "id": 0, "rank": 1, "exclusive": true, "paths": {"containment": "/tiny0/rack0/node1/socket0"}, "agfilter": {"core": "used:0, total:18", "gpu": "used:0, total:1", "memory": "used:0, total:8", "node": "used:0, total:0"}}}, {"id": "7", "metadata": {"type": "socket", "id": 1, "rank": 1, "exclusive": true, "paths": {"containment": "/tiny0/rack0/node1/socket1"}, "agfilter": {"core": "used:0, total:18", "gpu": "used:0, total:1", "memory": "used:0, total:8", "node": "used:0, total:0"}}}, {"id": "3", "metadata": {"type": "node", "id": 1, "rank": 1, "exclusive": true, "paths": {"containment": "/tiny0/rack0/node1"}, "agfilter": {"core": "used:0, total:36", "gpu": "used:0, total:2", "memory": "used:0, total:16"}}}, {"id": "1", "metadata": {"type": "rack", "id": 0, "rank": -1, "exclusive": true, "paths": {"containment": "/tiny0/rack0"}, "agfilter": {"core": "used:0, total:72", "gpu": "used:0, total:4", "memory": "used:0, total:32", "node": "used:0, total:2"}}}, {"id": "0", "metadata": {"type": "cluster", "basename": "tiny", "id": 0, "rank": -1, "exclusive": true, "paths": {"containment": "/tiny0"}, "agfilter": {"core": "used:0, total:72", "gpu": "used:0, total:4", "memory": "used:0, total:32", "node": "used:0, total:2"}}}], "edges": [{"source": "2", "target": "4"}, {"source": "2", "target": "5"}, {"source": "1", "target": "2"}, {"source": "3", "target": "6"}, {"source": "3", "target": "7"}, {"source": "1", "target": "3"}, {"source": "0", "target": "1"}]}}
INFO: =============================
INFO: EXPRESSION="agfilter=t"
INFO: =============================
{"graph": {"nodes": [{"id": "8", "metadata": {"type": "core", "id": 0, "rank": 0, "exclusive": true, "paths": {"containment": "/tiny0/rack0/node0/socket0/core0"}}}, {"id": "9", "metadata": {"type": "core", "id": 1, "rank": 0, "exclusive": true, "paths": {"containment": "/tiny0/rack0/node0/socket0/core1"}}}, {"id": "10", "metadata": {"type": "core", "id": 2, "rank": 0, "exclusive": true, "paths": {"containment": "/tiny0/rack0/node0/socket0/core2"}}}, {"id": "11", "metadata": {"type": "core", "id": 3, "rank": 0, "exclusive": true, "paths": {"containment": "/tiny0/rack0/node0/socket0/core3"}}}, {"id": "12", "metadata": {"type": "core", "id": 4, "rank": 0, "exclusive": true, "paths": {"containment": "/tiny0/rack0/node0/socket0/core4"}}}, {"id": "13", "metadata": {"type": "core", "id": 5, "rank": 0, "exclusive": true, "paths": {"containment": "/tiny0/rack0/node0/socket0/core5"}}}, {"id": "14", "metadata": {"type": "core", "id": 6, "rank": 0, "exclusive": true, "paths": {"containment": "/tiny0/rack0/node0/socket0/core6"}}}, {"id": "15", "metadata": {"type": "core", "id": 7, "rank": 0, "exclusive": true, "paths": {"containment": "/tiny0/rack0/node0/socket0/core7"}}}, {"id": "16", "metadata": {"type": "core", "id": 8, "rank": 0, "exclusive": true, "paths": {"containment": "/tiny0/rack0/node0/socket0/core8"}}}, {"id": "80", "metadata": {"type": "gpu", "id": 0, "rank": 0, "exclusive": true, "paths": {"containment": "/tiny0/rack0/node0/socket0/gpu0"}}}, {"id": "84", "metadata": {"type": "memory", "id": 0, "rank": 0, "exclusive": true, "size": 2, "paths": {"containment": "/tiny0/rack0/node0/socket0/memory0"}}}, {"id": "85", "metadata": {"type": "memory", "id": 1, "rank": 0, "exclusive": true, "size": 2, "paths": {"containment": "/tiny0/rack0/node0/socket0/memory1"}}}, {"id": "4", "metadata": {"type": "socket", "id": 0, "rank": 0, "exclusive": true, "paths": {"containment": "/tiny0/rack0/node0/socket0"}}}, {"id": "26", "metadata": {"type": "core", "id": 18, "rank": 0, "exclusive": true, "paths": {"containment": "/tiny0/rack0/node0/socket1/core18"}}}, {"id": "27", "metadata": {"type": "core", "id": 19, "rank": 0, "exclusive": true, "paths": {"containment": "/tiny0/rack0/node0/socket1/core19"}}}, {"id": "28", "metadata": {"type": "core", "id": 20, "rank": 0, "exclusive": true, "paths": {"containment": "/tiny0/rack0/node0/socket1/core20"}}}, {"id": "29", "metadata": {"type": "core", "id": 21, "rank": 0, "exclusive": true, "paths": {"containment": "/tiny0/rack0/node0/socket1/core21"}}}, {"id": "30", "metadata": {"type": "core", "id": 22, "rank": 0, "exclusive": true, "paths": {"containment": "/tiny0/rack0/node0/socket1/core22"}}}, {"id": "31", "metadata": {"type": "core", "id": 23, "rank": 0, "exclusive": true, "paths": {"containment": "/tiny0/rack0/node0/socket1/core23"}}}, {"id": "32", "metadata": {"type": "core", "id": 24, "rank": 0, "exclusive": true, "paths": {"containment": "/tiny0/rack0/node0/socket1/core24"}}}, {"id": "33", "metadata": {"type": "core", "id": 25, "rank": 0, "exclusive": true, "paths": {"containment": "/tiny0/rack0/node0/socket1/core25"}}}, {"id": "34", "metadata": {"type": "core", "id": 26, "rank": 0, "exclusive": true, "paths": {"containment": "/tiny0/rack0/node0/socket1/core26"}}}, {"id": "81", "metadata": {"type": "gpu", "id": 1, "rank": 0, "exclusive": true, "paths": {"containment": "/tiny0/rack0/node0/socket1/gpu1"}}}, {"id": "88", "metadata": {"type": "memory", "id": 4, "rank": 0, "exclusive": true, "size": 2, "paths": {"containment": "/tiny0/rack0/node0/socket1/memory4"}}}, {"id": "89", "metadata": {"type": "memory", "id": 5, "rank": 0, "exclusive": true, "size": 2, "paths": {"containment": "/tiny0/rack0/node0/socket1/memory5"}}}, {"id": "5", "metadata": {"type": "socket", "id": 1, "rank": 0, "exclusive": true, "paths": {"containment": "/tiny0/rack0/node0/socket1"}}}, {"id": "2", "metadata": {"type": "node", "id": 0, "rank": 0, "exclusive": true, "paths": {"containment": "/tiny0/rack0/node0"}}}, {"id": "44", "metadata": {"type": "core", "id": 0, "rank": 1, "exclusive": true, "paths": {"containment": "/tiny0/rack0/node1/socket0/core0"}}}, {"id": "45", "metadata": {"type": "core", "id": 1, "rank": 1, "exclusive": true, "paths": {"containment": "/tiny0/rack0/node1/socket0/core1"}}}, {"id": "46", "metadata": {"type": "core", "id": 2, "rank": 1, "exclusive": true, "paths": {"containment": "/tiny0/rack0/node1/socket0/core2"}}}, {"id": "47", "metadata": {"type": "core", "id": 3, "rank": 1, "exclusive": true, "paths": {"containment": "/tiny0/rack0/node1/socket0/core3"}}}, {"id": "48", "metadata": {"type": "core", "id": 4, "rank": 1, "exclusive": true, "paths": {"containment": "/tiny0/rack0/node1/socket0/core4"}}}, {"id": "49", "metadata": {"type": "core", "id": 5, "rank": 1, "exclusive": true, "paths": {"containment": "/tiny0/rack0/node1/socket0/core5"}}}, {"id": "50", "metadata": {"type": "core", "id": 6, "rank": 1, "exclusive": true, "paths": {"containment": "/tiny0/rack0/node1/socket0/core6"}}}, {"id": "51", "metadata": {"type": "core", "id": 7, "rank": 1, "exclusive": true, "paths": {"containment": "/tiny0/rack0/node1/socket0/core7"}}}, {"id": "52", "metadata": {"type": "core", "id": 8, "rank": 1, "exclusive": true, "paths": {"containment": "/tiny0/rack0/node1/socket0/core8"}}}, {"id": "82", "metadata": {"type": "gpu", "id": 0, "rank": 1, "exclusive": true, "paths": {"containment": "/tiny0/rack0/node1/socket0/gpu0"}}}, {"id": "92", "metadata": {"type": "memory", "id": 0, "rank": 1, "exclusive": true, "size": 2, "paths": {"containment": "/tiny0/rack0/node1/socket0/memory0"}}}, {"id": "93", "metadata": {"type": "memory", "id": 1, "rank": 1, "exclusive": true, "size": 2, "paths": {"containment": "/tiny0/rack0/node1/socket0/memory1"}}}, {"id": "6", "metadata": {"type": "socket", "id": 0, "rank": 1, "exclusive": true, "paths": {"containment": "/tiny0/rack0/node1/socket0"}}}, {"id": "62", "metadata": {"type": "core", "id": 18, "rank": 1, "exclusive": true, "paths": {"containment": "/tiny0/rack0/node1/socket1/core18"}}}, {"id": "63", "metadata": {"type": "core", "id": 19, "rank": 1, "exclusive": true, "paths": {"containment": "/tiny0/rack0/node1/socket1/core19"}}}, {"id": "64", "metadata": {"type": "core", "id": 20, "rank": 1, "exclusive": true, "paths": {"containment": "/tiny0/rack0/node1/socket1/core20"}}}, {"id": "65", "metadata": {"type": "core", "id": 21, "rank": 1, "exclusive": true, "paths": {"containment": "/tiny0/rack0/node1/socket1/core21"}}}, {"id": "66", "metadata": {"type": "core", "id": 22, "rank": 1, "exclusive": true, "paths": {"containment": "/tiny0/rack0/node1/socket1/core22"}}}, {"id": "67", "metadata": {"type": "core", "id": 23, "rank": 1, "exclusive": true, "paths": {"containment": "/tiny0/rack0/node1/socket1/core23"}}}, {"id": "68", "metadata": {"type": "core", "id": 24, "rank": 1, "exclusive": true, "paths": {"containment": "/tiny0/rack0/node1/socket1/core24"}}}, {"id": "69", "metadata": {"type": "core", "id": 25, "rank": 1, "exclusive": true, "paths": {"containment": "/tiny0/rack0/node1/socket1/core25"}}}, {"id": "70", "metadata": {"type": "core", "id": 26, "rank": 1, "exclusive": true, "paths": {"containment": "/tiny0/rack0/node1/socket1/core26"}}}, {"id": "83", "metadata": {"type": "gpu", "id": 1, "rank": 1, "exclusive": true, "paths": {"containment": "/tiny0/rack0/node1/socket1/gpu1"}}}, {"id": "96", "metadata": {"type": "memory", "id": 4, "rank": 1, "exclusive": true, "size": 2, "paths": {"containment": "/tiny0/rack0/node1/socket1/memory4"}}}, {"id": "97", "metadata": {"type": "memory", "id": 5, "rank": 1, "exclusive": true, "size": 2, "paths": {"containment": "/tiny0/rack0/node1/socket1/memory5"}}}, {"id": "7", "metadata": {"type": "socket", "id": 1, "rank": 1, "exclusive": true, "paths": {"containment": "/tiny0/rack0/node1/socket1"}}}, {"id": "3", "metadata": {"type": "node", "id": 1, "rank": 1, "exclusive": true, "paths": {"containment": "/tiny0/rack0/node1"}}}, {"id": "1", "metadata": {"type": "rack", "id": 0, "rank": -1, "paths": {"containment": "/tiny0/rack0"}}}, {"id": "0", "metadata": {"type": "cluster", "basename": "tiny", "id": 0, "rank": -1, "paths": {"containment": "/tiny0"}}}], "edges": [{"source": "4", "target": "8"}, {"source": "4", "target": "9"}, {"source": "4", "target": "10"}, {"source": "4", "target": "11"}, {"source": "4", "target": "12"}, {"source": "4", "target": "13"}, {"source": "4", "target": "14"}, {"source": "4", "target": "15"}, {"source": "4", "target": "16"}, {"source": "4", "target": "80"}, {"source": "4", "target": "84"}, {"source": "4", "target": "85"}, {"source": "2", "target": "4"}, {"source": "5", "target": "26"}, {"source": "5", "target": "27"}, {"source": "5", "target": "28"}, {"source": "5", "target": "29"}, {"source": "5", "target": "30"}, {"source": "5", "target": "31"}, {"source": "5", "target": "32"}, {"source": "5", "target": "33"}, {"source": "5", "target": "34"}, {"source": "5", "target": "81"}, {"source": "5", "target": "88"}, {"source": "5", "target": "89"}, {"source": "2", "target": "5"}, {"source": "1", "target": "2"}, {"source": "6", "target": "44"}, {"source": "6", "target": "45"}, {"source": "6", "target": "46"}, {"source": "6", "target": "47"}, {"source": "6", "target": "48"}, {"source": "6", "target": "49"}, {"source": "6", "target": "50"}, {"source": "6", "target": "51"}, {"source": "6", "target": "52"}, {"source": "6", "target": "82"}, {"source": "6", "target": "92"}, {"source": "6", "target": "93"}, {"source": "3", "target": "6"}, {"source": "7", "target": "62"}, {"source": "7", "target": "63"}, {"source": "7", "target": "64"}, {"source": "7", "target": "65"}, {"source": "7", "target": "66"}, {"source": "7", "target": "67"}, {"source": "7", "target": "68"}, {"source": "7", "target": "69"}, {"source": "7", "target": "70"}, {"source": "7", "target": "83"}, {"source": "7", "target": "96"}, {"source": "7", "target": "97"}, {"source": "3", "target": "7"}, {"source": "1", "target": "3"}, {"source": "0", "target": "1"}]}}
INFO: =============================
INFO: JOBID=1
INFO: RESOURCES=ALLOCATED
INFO: SCHEDULED AT=Now
INFO: =============================
{"graph": {"nodes": [{"id": "6", "metadata": {"type": "socket", "id": 0, "rank": 1, "exclusive": true, "paths": {"containment": "/tiny0/rack0/node1/socket0"}, "agfilter": {"core": "used:9, total:18", "gpu": "used:1, total:1", "memory": "used:4, total:8", "node": "used:0, total:0"}}}, {"id": "7", "metadata": {"type": "socket", "id": 1, "rank": 1, "exclusive": true, "paths": {"containment": "/tiny0/rack0/node1/socket1"}, "agfilter": {"core": "used:9, total:18", "gpu": "used:1, total:1", "memory": "used:4, total:8", "node": "used:0, total:0"}}}, {"id": "3", "metadata": {"type": "node", "id": 1, "rank": 1, "exclusive": true, "paths": {"containment": "/tiny0/rack0/node1"}, "agfilter": {"core": "used:18, total:36", "gpu": "used:2, total:2", "memory": "used:8, total:16"}}}, {"id": "1", "metadata": {"type": "rack", "id": 0, "rank": -1, "exclusive": true, "paths": {"containment": "/tiny0/rack0"}, "agfilter": {"core": "used:18, total:36", "gpu": "used:2, total:2", "memory": "used:8, total:16", "node": "used:1, total:1"}}}, {"id": "0", "metadata": {"type": "cluster", "basename": "tiny", "id": 0, "rank": -1, "exclusive": true, "paths": {"containment": "/tiny0"}, "agfilter": {"core": "used:18, total:36", "gpu": "used:2, total:2", "memory": "used:8, total:16", "node": "used:1, total:1"}}}], "edges": [{"source": "3", "target": "6"}, {"source": "3", "target": "7"}, {"source": "1", "target": "3"}, {"source": "0", "target": "1"}]}}
INFO: =============================
INFO: EXPRESSION="jobid-alloc=1 agfilter=t"
INFO: =============================
{"graph": {"nodes": [{"id": "6", "metadata": {"type": "socket", "id": 0, "rank": 1, "exclusive": true, "paths": {"containment": "/tiny0/rack0/node1/socket0"}, "agfilter": {"core": "used:9, total:18", "gpu": "used:1, total:1", "memory": "used:4, total:8", "node": "used:0, total:0"}}}, {"id": "7", "metadata": {"type": "socket", "id": 1, "rank": 1, "exclusive": true, "paths": {"containment": "/tiny0/rack0/node1/socket1"}, "agfilter": {"core": "used:9, total:18", "gpu": "used:1, total:1", "memory": "used:4, total:8", "node": "used:0, total:0"}}}, {"id": "3", "metadata": {"type": "node", "id": 1, "rank": 1, "exclusive": true, "paths": {"containment": "/tiny0/rack0/node1"}, "agfilter": {"core": "used:18, total:36", "gpu": "used:2, total:2", "memory": "used:8, total:16"}}}, {"id": "1", "metadata": {"type": "rack", "id": 0, "rank": -1, "exclusive": true, "paths": {"containment": "/tiny0/rack0"}, "agfilter": {"core": "used:18, total:36", "gpu": "used:2, total:2", "memory": "used:8, total:16", "node": "used:1, total:1"}}}, {"id": "0", "metadata": {"type": "cluster", "basename": "tiny", "id": 0, "rank": -1, "exclusive": true, "paths": {"containment": "/tiny0"}, "agfilter": {"core": "used:18, total:36", "gpu": "used:2, total:2", "memory": "used:8, total:16", "node": "used:1, total:1"}}}], "edges": [{"source": "3", "target": "6"}, {"source": "3", "target": "7"}, {"source": "1", "target": "3"}, {"source": "0", "target": "1"}]}}
INFO: =============================
INFO: EXPRESSION="agfilter=t"
INFO: =============================
{"graph": {"nodes": [{"id": "6", "metadata": {"type": "socket", "id": 0, "rank": 1, "exclusive": true, "paths": {"containment": "/tiny0/rack0/node1/socket0"}, "agfilter": {"core": "used:0, total:18", "gpu": "used:0, total:1", "memory": "used:0, total:8", "node": "used:0, total:0"}}}, {"id": "7", "metadata": {"type": "socket", "id": 1, "rank": 1, "exclusive": true, "paths": {"containment": "/tiny0/rack0/node1/socket1"}, "agfilter": {"core": "used:0, total:18", "gpu": "used:0, total:1", "memory": "used:0, total:8", "node": "used:0, total:0"}}}, {"id": "3", "metadata": {"type": "node", "id": 1, "rank": 1, "exclusive": true, "paths": {"containment": "/tiny0/rack0/node1"}, "agfilter": {"core": "used:0, total:36", "gpu": "used:0, total:2", "memory": "used:0, total:16"}}}, {"id": "1", "metadata": {"type": "rack", "id": 0, "rank": -1, "exclusive": true, "paths": {"containment": "/tiny0/rack0"}, "agfilter": {"core": "used:0, total:36", "gpu": "used:0, total:2", "memory": "used:0, total:16", "node": "used:0, total:1"}}}, {"id": "0", "metadata": {"type": "cluster", "basename": "tiny", "id": 0, "rank": -1, "exclusive": true, "paths": {"containment": "/tiny0"}, "agfilter": {"core": "used:0, total:36", "gpu": "used:0, total:2", "memory": "used:0, total:16", "node": "used:0, total:1"}}}], "edges": [{"source": "3", "target": "6"}, {"source": "3", "target": "7"}, {"source": "1", "target": "3"}, {"source": "0", "target": "1"}]}}
INFO: =============================
INFO: EXPRESSION="agfilter=t"
INFO: =============================
{"graph": {"nodes": [{"id": "44", "metadata": {"type": "core", "id": 0, "rank": 1, "exclusive": true, "paths": {"containment": "/tiny0/rack0/node1/socket0/core0"}}}, {"id": "45", "metadata": {"type": "core", "id": 1, "rank": 1, "exclusive": true, "paths": {"containment": "/tiny0/rack0/node1/socket0/core1"}}}, {"id": "46", "metadata": {"type": "core", "id": 2, "rank": 1, "exclusive": true, "paths": {"containment": "/tiny0/rack0/node1/socket0/core2"}}}, {"id": "47", "metadata": {"type": "core", "id": 3, "rank": 1, "exclusive": true, "paths": {"containment": "/tiny0/rack0/node1/socket0/core3"}}}, {"id": "48", "metadata": {"type": "core", "id": 4, "rank": 1, "exclusive": true, "paths": {"containment": "/tiny0/rack0/node1/socket0/core4"}}}, {"id": "49", "metadata": {"type": "core", "id": 5, "rank": 1, "exclusive": true, "paths": {"containment": "/tiny0/rack0/node1/socket0/core5"}}}, {"id": "50", "metadata": {"type": "core", "id": 6, "rank": 1, "exclusive": true, "paths": {"containment": "/tiny0/rack0/node1/socket0/core6"}}}, {"id": "51", "metadata": {"type": "core", "id": 7, "rank": 1, "exclusive": true, "paths": {"containment": "/tiny0/rack0/node1/socket0/core7"}}}, {"id": "52", "metadata": {"type": "core", "id": 8, "rank": 1, "exclusive": true, "paths": {"containment": "/tiny0/rack0/node1/socket0/core8"}}}, {"id": "53", "metadata": {"type": "core", "id": 9, "rank": 1, "exclusive": true, "paths": {"containment": "/tiny0/rack0/node1/socket0/core9"}}}, {"id": "54", "metadata": {"type": "core", "id": 10, "rank": 1, "exclusive": true, "paths": {"containment": "/tiny0/rack0/node1/socket0/core10"}}}, {"id": "55", "metadata": {"type": "core", "id": 11, "rank": 1, "exclusive": true, "paths": {"containment": "/tiny0/rack0/node1/socket0/core11"}}}, {"id": "56", "metadata": {"type": "core", "id": 12, "rank": 1, "exclusive": true, "paths": {"containment": "/tiny0/rack0/node1/socket0/core12"}}}, {"id": "57", "metadata": {"type": "core", "id": 13, "rank": 1, "exclusive": true, "paths": {"containment": "/tiny0/rack0/node1/socket0/core13"}}}, {"id": "58", "metadata": {"type": "core", "id": 14, "rank": 1, "exclusive": true, "paths": {"containment": "/tiny0/rack0/node1/socket0/core14"}}}, {"id": "59", "metadata": {"type": "core", "id": 15, "rank": 1, "exclusive": true, "paths": {"containment": "/tiny0/rack0/node1/socket0/core15"}}}, {"id": "60", "metadata": {"type": "core", "id": 16, "rank": 1, "exclusive": true, "paths": {"containment": "/tiny0/rack0/node1/socket0/core16"}}}, {"id": "61", "metadata": {"type": "core", "id": 17, "rank": 1, "exclusive": true, "paths": {"containment": "/tiny0/rack0/node1/socket0/core17"}}}, {"id": "82", "metadata": {"type": "gpu", "id": 0, "rank": 1, "exclusive": true, "paths": {"containment": "/tiny0/rack0/node1/socket0/gpu0"}}}, {"id": "92", "metadata": {"type": "memory", "id": 0, "rank": 1, "exclusive": true, "size": 2, "paths": {"containment": "/tiny0/rack0/node1/socket0/memory0"}}}, {"id": "93", "metadata": {"type": "memory", "id": 1, "rank": 1, "exclusive": true, "size": 2, "paths": {"containment": "/tiny0/rack0/node1/socket0/memory1"}}}, {"id": "94", "metadata": {"type": "memory", "id": 2, "rank": 1, "exclusive": true, "size": 2, "paths": {"containment": "/tiny0/rack0/node1/socket0/memory2"}}}, {"id": "95", "metadata": {"type": "memory", "id": 3, "rank": 1, "exclusive": true, "size": 2, "paths": {"containment": "/tiny0/rack0/node1/socket0/memory3"}}}, {"id": "6", "metadata": {"type": "socket", "id": 0, "rank": 1, "exclusive": true, "paths": {"containment": "/tiny0/rack0/node1/socket0"}}}, {"id": "62", "metadata": {"type": "core", "id": 18, "rank": 1, "exclusive": true, "paths": {"containment": "/tiny0/rack0/node1/socket1/core18"}}}, {"id": "63", "metadata": {"type": "core", "id": 19, "rank": 1, "exclusive": true, "paths": {"containment": "/tiny0/rack0/node1/socket1/core19"}}}, {"id": "64", "metadata": {"type": "core", "id": 20, "rank": 1, "exclusive": true, "paths": {"containment": "/tiny0/rack0/node1/socket1/core20"}}}, {"id": "65", "metadata": {"type": "core", "id": 21, "rank": 1, "exclusive": true, "paths": {"containment": "/tiny0/rack0/node1/socket1/core21"}}}, {"id": "66", "metadata": {"type": "core", "id": 22, "rank": 1, "exclusive": true, "paths": {"containment": "/tiny0/rack0/node1/socket1/core22"}}}, {"id": "67", "metadata": {"type": "core", "id": 23, "rank": 1, "exclusive": true, "paths": {"containment": "/tiny0/rack0/node1/socket1/core23"}}}, {"id": "68", "metadata": {"type": "core", "id": 24, "rank": 1, "exclusive": true, "paths": {"containment": "/tiny0/rack0/node1/socket1/core24"}}}, {"id": "69", "metadata": {"type": "core", "id": 25, "rank": 1, "exclusive": true, "paths": {"containment": "/tiny0/rack0/node1/socket1/core25"}}}, {"id": "70", "metadata": {"type": "core", "id": 26, "rank": 1, "exclusive": true, "paths": {"containment": "/tiny0/rack0/node1/socket1/core26"}}}, {"id": "71", "metadata": {"type": "core", "id": 27, "rank": 1, "exclusive": true, "paths": {"containment": "/tiny0/rack0/node1/socket1/core27"}}}, {"id": "72", "metadata": {"type": "core", "id": 28, "rank": 1, "exclusive": true, "paths": {"containment": "/tiny0/rack0/node1/socket1/core28"}}}, {"id": "73", "metadata": {"type": "core", "id": 29, "rank": 1, "exclusive": true, "paths": {"containment": "/tiny0/rack0/node1/socket1/core29"}}}, {"id": "74", "metadata": {"type": "core", "id": 30, "rank": 1, "exclusive": true, "paths": {"containment": "/tiny0/rack0/node1/socket1/core30"}}}, {"id": "75", "metadata": {"type": "core", "id": 31, "rank": 1, "exclusive": true, "paths": {"containment": "/tiny0/rack0/node1/socket1/core31"}}}, {"id": "76", "metadata": {"type": "core", "id": 32, "rank": 1, "exclusive": true, "paths": {"containment": "/tiny0/rack0/node1/socket1/core32"}}}, {"id": "77", "metadata": {"type": "core", "id": 33, "rank": 1, "exclusive": true, "paths": {"containment": "/tiny0/rack0/node1/socket1/core33"}}}, {"id": "78", "metadata": {"type": "core", "id": 34, "rank": 1, "exclusive": true, "paths": {"containment": "/tiny0/rack0/node1/socket1/core34"}}}, {"id": "79", "metadata": {"type": "core", "id": 35, "rank": 1, "exclusive": true, "paths": {"containment": "/tiny0/rack0/node1/socket1/core35"}}}, {"id": "83", "metadata": {"type": "gpu", "id": 1, "rank": 1, "exclusive": true, "paths": {"containment": "/tiny0/rack0/node1/socket1/gpu1"}}}, {"id": "96", "metadata": {"type": "memory", "id": 4, "rank": 1, "exclusive": true, "size": 2, "paths": {"containment": "/tiny0/rack0/node1/socket1/memory4"}}}, {"id": "97", "metadata": {"type": "memory", "id": 5, "rank": 1, "exclusive": true, "size": 2, "paths": {"containment": "/tiny0/rack0/node1/socket1/memory5"}}}, {"id": "98", "metadata": {"type": "memory", "id": 6, "rank": 1, "exclusive": true, "size": 2, "paths": {"containment": "/tiny0/rack0/node1/socket1/memory6"}}}, {"id": "99", "metadata": {"type": "memory", "id": 7, "rank": 1, "exclusive": true, "size": 2, "paths": {"containment": "/tiny0/rack0/node1/socket1/memory7"}}}, {"id": "7", "metadata": {"type": "socket", "id": 1, "rank": 1, "exclusive": true, "paths": {"containment": "/tiny0/rack0/node1/socket1"}}}, {"id": "3", "metadata": {"type": "node", "id": 1, "rank": 1, "exclusive": true, "paths": {"containment": "/tiny0/rack0/node1"}}}, {"id": "1", "metadata": {"type": "rack", "id": 0, "rank": -1, "paths": {"containment": "/tiny0/rack0"}}}, {"id": "0", "metadata": {"type": "cluster", "basename": "tiny", "id": 0, "rank": -1, "paths": {"containment": "/tiny0"}}}], "edges": [{"source": "6", "target": "44"}, {"source": "6", "target": "45"}, {"source": "6", "target": "46"}, {"source": "6", "target": "47"}, {"source": "6", "target": "48"}, {"source": "6", "target": "49"}, {"source": "6", "target": "50"}, {"source": "6", "target": "51"}, {"source": "6", "target": "52"}, {"source": "6", "target": "53"}, {"source": "6", "target": "54"}, {"source": "6", "target": "55"}, {"source": "6", "target": "56"}, {"source": "6", "target": "57"}, {"source": "6", "target": "58"}, {"source": "6", "target": "59"}, {"source": "6", "target": "60"}, {"source": "6", "target": "61"}, {"source": "6", "target": "82"}, {"source": "6", "target": "92"}, {"source": "6", "target": "93"}, {"source": "6", "target": "94"}, {"source": "6", "target": "95"}, {"source": "3", "target": "6"}, {"source": "7", "target": "62"}, {"source": "7", "target": "63"}, {"source": "7", "target": "64"}, {"source": "7", "target": "65"}, {"source": "7", "target": "66"}, {"source": "7", "target": "67"}, {"source": "7", "target": "68"}, {"source": "7", "target": "69"}, {"source": "7", "target": "70"}, {"source": "7", "target": "71"}, {"source": "7", "target": "72"}, {"source": "7", "target": "73"}, {"source": "7", "target": "74"}, {"source": "7", "target": "75"}, {"source": "7", "target": "76"}, {"source": "7", "target": "77"}, {"source": "7", "target": "78"}, {"source": "7", "target": "79"}, {"source": "7", "target": "83"}, {"source": "7", "target": "96"}, {"source": "7", "target": "97"}, {"source": "7", "target": "98"}, {"source": "7", "target": "99"}, {"source": "3", "target": "7"}, {"source": "1", "target": "3"}, {"source": "0", "target": "1"}]}}
INFO: =============================
INFO: JOBID=2
INFO: RESOURCES=ALLOCATED
INFO: SCHEDULED AT=Now
INFO: =============================
{"graph": {"nodes": [{"id": "6", "metadata": {"type": "socket", "id": 0, "rank": 1, "exclusive": true, "paths": {"containment": "/tiny0/rack0/node1/socket0"}, "agfilter": {"core": "used:18, total:18", "gpu": "used:1, total:1", "memory": "used:8, total:8", "node": "used:0, total:0"}}}, {"id": "7", "metadata": {"type": "socket", "id": 1, "rank": 1, "exclusive": true, "paths": {"containment": "/tiny0/rack0/node1/socket1"}, "agfilter": {"core": "used:18, total:18", "gpu": "used:1, total:1", "memory": "used:8, total:8", "node": "used:0, total:0"}}}, {"id": "3", "metadata": {"type": "node", "id": 1, "rank": 1, "exclusive": true, "paths": {"containment": "/tiny0/rack0/node1"}, "agfilter": {"core": "used:36, total:36", "gpu": "used:2, total:2", "memory": "used:16, total:16"}}}, {"id": "1", "metadata": {"type": "rack", "id": 0, "rank": -1, "exclusive": true, "paths": {"containment": "/tiny0/rack0"}, "agfilter": {"core": "used:36, total:36", "gpu": "used:2, total:2", "memory": "used:16, total:16", "node": "used:1, total:1"}}}, {"id": "0", "metadata": {"type": "cluster", "basename": "tiny", "id": 0, "rank": -1, "exclusive": true, "paths": {"containment": "/tiny0"}, "agfilter": {"core": "used:36, total:36", "gpu": "used:2, total:2", "memory": "used:16, total:16", "node": "used:1, total:1"}}}], "edges": [{"source": "3", "target": "6"}, {"source": "3", "target": "7"}, {"source": "1", "target": "3"}, {"source": "0", "target": "1"}]}}
INFO: =============================
INFO: EXPRESSION="jobid-alloc=2 agfilter=t"
INFO: =============================
INFO: =============================
INFO: No matching resources found
INFO: JOBID=3
INFO: =============================
{"graph": {"nodes": [{"id": "6", "metadata": {"type": "socket", "id": 0, "rank": 1, "exclusive": true, "paths": {"containment": "/tiny0/rack0/node1/socket0"}, "agfilter": {"core": "used:18, total:18", "gpu": "used:1, total:1", "memory": "used:8, total:8", "node": "used:0, total:0"}}}, {"id": "7", "metadata": {"type": "socket", "id": 1, "rank": 1, "exclusive": true, "paths": {"containment": "/tiny0/rack0/node1/socket1"}, "agfilter": {"core": "used:18, total:18", "gpu": "used:1, total:1", "memory": "used:8, total:8", "node": "used:0, total:0"}}}, {"id": "3", "metadata": {"type": "node", "id": 1, "rank": 1, "exclusive": true, "paths": {"containment": "/tiny0/rack0/node1"}, "agfilter": {"core": "used:36, total:36", "gpu": "used:2, total:2", "memory": "used:16, total:16"}}}, {"id": "1", "metadata": {"type": "rack", "id": 0, "rank": -1, "exclusive": true, "paths": {"containment": "/tiny0/rack0"}, "agfilter": {"core": "used:36, total:36", "gpu": "used:2, total:2", "memory": "used:16, total:16", "node": "used:1, total:1"}}}, {"id": "0", "metadata": {"type": "cluster", "basename": "tiny", "id": 0, "rank": -1, "exclusive": true, "paths": {"containment": "/tiny0"}, "agfilter": {"core": "used:36, total:36", "gpu": "used:2, total:2", "memory": "used:16, total:16", "node": "used:1, total:1"}}}], "edges": [{"source": "3", "target": "6"}, {"source": "3", "target": "7"}, {"source": "1", "target": "3"}, {"source": "0", "target": "1"}]}}
INFO: =============================
INFO: EXPRESSION="agfilter=t"
INFO: =============================
