{"graph": {"nodes": [{"id": "221", "metadata": {"type": "core", "id": 0, "rank": -1, "exclusive": true, "paths": {"containment": "/medium0/rack0/node0/socket0/core0"}}}, {"id": "222", "metadata": {"type": "core", "id": 1, "rank": -1, "exclusive": true, "paths": {"containment": "/medium0/rack0/node0/socket0/core1"}}}, {"id": "223", "metadata": {"type": "core", "id": 2, "rank": -1, "exclusive": true, "paths": {"containment": "/medium0/rack0/node0/socket0/core2"}}}, {"id": "224", "metadata": {"type": "core", "id": 3, "rank": -1, "exclusive": true, "paths": {"containment": "/medium0/rack0/node0/socket0/core3"}}}, {"id": "225", "metadata": {"type": "core", "id": 4, "rank": -1, "exclusive": true, "paths": {"containment": "/medium0/rack0/node0/socket0/core4"}}}, {"id": "226", "metadata": {"type": "core", "id": 5, "rank": -1, "exclusive": true, "paths": {"containment": "/medium0/rack0/node0/socket0/core5"}}}, {"id": "227", "metadata": {"type": "core", "id": 6, "rank": -1, "exclusive": true, "paths": {"containment": "/medium0/rack0/node0/socket0/core6"}}}, {"id": "228", "metadata": {"type": "core", "id": 7, "rank": -1, "exclusive": true, "paths": {"containment": "/medium0/rack0/node0/socket0/core7"}}}, {"id": "229", "metadata": {"type": "core", "id": 8, "rank": -1, "exclusive": true, "paths": {"containment": "/medium0/rack0/node0/socket0/core8"}}}, {"id": "230", "metadata": {"type": "core", "id": 9, "rank": -1, "exclusive": true, "paths": {"containment": "/medium0/rack0/node0/socket0/core9"}}}, {"id": "231", "metadata": {"type": "core", "id": 10, "rank": -1, "exclusive": true, "paths": {"containment": "/medium0/rack0/node0/socket0/core10"}}}, {"id": "232", "metadata": {"type": "core", "id": 11, "rank": -1, "exclusive": true, "paths": {"containment": "/medium0/rack0/node0/socket0/core11"}}}, {"id": "233", "metadata": {"type": "core", "id": 12, "rank": -1, "exclusive": true, "paths": {"containment": "/medium0/rack0/node0/socket0/core12"}}}, {"id": "234", "metadata": {"type": "core", "id": 13, "rank": -1, "exclusive": true, "paths": {"containment": "/medium0/rack0/node0/socket0/core13"}}}, {"id": "235", "metadata": {"type": "core", "id": 14, "rank": -1, "exclusive": true, "paths": {"containment": "/medium0/rack0/node0/socket0/core14"}}}, {"id": "236", "metadata": {"type": "core", "id": 15, "rank": -1, "exclusive": true, "paths": {"containment": "/medium0/rack0/node0/socket0/core15"}}}, {"id": "237", "metadata": {"type": "core", "id": 16, "rank": -1, "exclusive": true, "paths": {"containment": "/medium0/rack0/node0/socket0/core16"}}}, {"id": "238", "metadata": {"type": "core", "id": 17, "rank": -1, "exclusive": true, "paths": {"containment": "/medium0/rack0/node0/socket0/core17"}}}, {"id": "77", "metadata": {"type": "socket", "id": 0, "rank": -1, "exclusive": true, "paths": {"containment": "/medium0/rack0/node0/socket0"}}}, {"id": "239", "metadata": {"type": "core", "id": 18, "rank": -1, "exclusive": true, "paths": {"containment": "/medium0/rack0/node0/socket1/core18"}}}, {"id": "240", "metadata": {"type": "core", "id": 19, "rank": -1, "exclusive": true, "paths": {"containment": "/medium0/rack0/node0/socket1/core19"}}}, {"id": "241", "metadata": {"type": "core", "id": 20, "rank": -1, "exclusive": true, "paths": {"containment": "/medium0/rack0/node0/socket1/core20"}}}, {"id": "242", "metadata": {"type": "core", "id": 21, "rank": -1, "exclusive": true, "paths": {"containment": "/medium0/rack0/node0/socket1/core21"}}}, {"id": "243", "metadata": {"type": "core", "id": 22, "rank": -1, "exclusive": true, "paths": {"containment": "/medium0/rack0/node0/socket1/core22"}}}, {"id": "244", "metadata": {"type": "core", "id": 23, "rank": -1, "exclusive": true, "paths": {"containment": "/medium0/rack0/node0/socket1/core23"}}}, {"id": "245", "metadata": {"type": "core", "id": 24, "rank": -1, "exclusive": true, "paths": {"containment": "/medium0/rack0/node0/socket1/core24"}}}, {"id": "246", "metadata": {"type": "core", "id": 25, "rank": -1, "exclusive": true, "paths": {"containment": "/medium0/rack0/node0/socket1/core25"}}}, {"id": "247", "metadata": {"type": "core", "id": 26, "rank": -1, "exclusive": true, "paths": {"containment": "/medium0/rack0/node0/socket1/core26"}}}, {"id": "248", "metadata": {"type": "core", "id": 27, "rank": -1, "exclusive": true, "paths": {"containment": "/medium0/rack0/node0/socket1/core27"}}}, {"id": "249", "metadata": {"type": "core", "id": 28, "rank": -1, "exclusive": true, "paths": {"containment": "/medium0/rack0/node0/socket1/core28"}}}, {"id": "250", "metadata": {"type": "core", "id": 29, "rank": -1, "exclusive": true, "paths": {"containment": "/medium0/rack0/node0/socket1/core29"}}}, {"id": "251", "metadata": {"type": "core", "id": 30, "rank": -1, "exclusive": true, "paths": {"containment": "/medium0/rack0/node0/socket1/core30"}}}, {"id": "252", "metadata": {"type": "core", "id": 31, "rank": -1, "exclusive": true, "paths": {"containment": "/medium0/rack0/node0/socket1/core31"}}}, {"id": "253", "metadata": {"type": "core", "id": 32, "rank": -1, "exclusive": true, "paths": {"containment": "/medium0/rack0/node0/socket1/core32"}}}, {"id": "254", "metadata": {"type": "core", "id": 33, "rank": -1, "exclusive": true, "paths": {"containment": "/medium0/rack0/node0/socket1/core33"}}}, {"id": "255", "metadata": {"type": "core", "id": 34, "rank": -1, "exclusive": true, "paths": {"containment": "/medium0/rack0/node0/socket1/core34"}}}, {"id": "256", "metadata": {"type": "core", "id": 35, "rank": -1, "exclusive": true, "paths": {"containment": "/medium0/rack0/node0/socket1/core35"}}}, {"id": "78", "metadata": {"type": "socket", "id": 1, "rank": -1, "exclusive": true, "paths": {"containment": "/medium0/rack0/node0/socket1"}}}, {"id": "5", "metadata": {"type": "node", "id": 0, "rank": -1, "exclusive": true, "paths": {"containment": "/medium0/rack0/node0"}}}, {"id": "329", "metadata": {"type": "core", "id": 0, "rank": -1, "exclusive": true, "paths": {"containment": "/medium0/rack0/node3/socket0/core0"}}}, {"id": "330", "metadata": {"type": "core", "id": 1, "rank": -1, "exclusive": true, "paths": {"containment": "/medium0/rack0/node3/socket0/core1"}}}, {"id": "331", "metadata": {"type": "core", "id": 2, "rank": -1, "exclusive": true, "paths": {"containment": "/medium0/rack0/node3/socket0/core2"}}}, {"id": "332", "metadata": {"type": "core", "id": 3, "rank": -1, "exclusive": true, "paths": {"containment": "/medium0/rack0/node3/socket0/core3"}}}, {"id": "333", "metadata": {"type": "core", "id": 4, "rank": -1, "exclusive": true, "paths": {"containment": "/medium0/rack0/node3/socket0/core4"}}}, {"id": "334", "metadata": {"type": "core", "id": 5, "rank": -1, "exclusive": true, "paths": {"containment": "/medium0/rack0/node3/socket0/core5"}}}, {"id": "335", "metadata": {"type": "core", "id": 6, "rank": -1, "exclusive": true, "paths": {"containment": "/medium0/rack0/node3/socket0/core6"}}}, {"id": "336", "metadata": {"type": "core", "id": 7, "rank": -1, "exclusive": true, "paths": {"containment": "/medium0/rack0/node3/socket0/core7"}}}, {"id": "337", "metadata": {"type": "core", "id": 8, "rank": -1, "exclusive": true, "paths": {"containment": "/medium0/rack0/node3/socket0/core8"}}}, {"id": "338", "metadata": {"type": "core", "id": 9, "rank": -1, "exclusive": true, "paths": {"containment": "/medium0/rack0/node3/socket0/core9"}}}, {"id": "339", "metadata": {"type": "core", "id": 10, "rank": -1, "exclusive": true, "paths": {"containment": "/medium0/rack0/node3/socket0/core10"}}}, {"id": "340", "metadata": {"type": "core", "id": 11, "rank": -1, "exclusive": true, "paths": {"containment": "/medium0/rack0/node3/socket0/core11"}}}, {"id": "341", "metadata": {"type": "core", "id": 12, "rank": -1, "exclusive": true, "paths": {"containment": "/medium0/rack0/node3/socket0/core12"}}}, {"id": "342", "metadata": {"type": "core", "id": 13, "rank": -1, "exclusive": true, "paths": {"containment": "/medium0/rack0/node3/socket0/core13"}}}, {"id": "343", "metadata": {"type": "core", "id": 14, "rank": -1, "exclusive": true, "paths": {"containment": "/medium0/rack0/node3/socket0/core14"}}}, {"id": "344", "metadata": {"type": "core", "id": 15, "rank": -1, "exclusive": true, "paths": {"containment": "/medium0/rack0/node3/socket0/core15"}}}, {"id": "345", "metadata": {"type": "core", "id": 16, "rank": -1, "exclusive": true, "paths": {"containment": "/medium0/rack0/node3/socket0/core16"}}}, {"id": "346", "metadata": {"type": "core", "id": 17, "rank": -1, "exclusive": true, "paths": {"containment": "/medium0/rack0/node3/socket0/core17"}}}, {"id": "83", "metadata": {"type": "socket", "id": 0, "rank": -1, "exclusive": true, "paths": {"containment": "/medium0/rack0/node3/socket0"}}}, {"id": "347", "metadata": {"type": "core", "id": 18, "rank": -1, "exclusive": true, "paths": {"containment": "/medium0/rack0/node3/socket1/core18"}}}, {"id": "348", "metadata": {"type": "core", "id": 19, "rank": -1, "exclusive": true, "paths": {"containment": "/medium0/rack0/node3/socket1/core19"}}}, {"id": "349", "metadata": {"type": "core", "id": 20, "rank": -1, "exclusive": true, "paths": {"containment": "/medium0/rack0/node3/socket1/core20"}}}, {"id": "350", "metadata": {"type": "core", "id": 21, "rank": -1, "exclusive": true, "paths": {"containment": "/medium0/rack0/node3/socket1/core21"}}}, {"id": "351", "metadata": {"type": "core", "id": 22, "rank": -1, "exclusive": true, "paths": {"containment": "/medium0/rack0/node3/socket1/core22"}}}, {"id": "352", "metadata": {"type": "core", "id": 23, "rank": -1, "exclusive": true, "paths": {"containment": "/medium0/rack0/node3/socket1/core23"}}}, {"id": "353", "metadata": {"type": "core", "id": 24, "rank": -1, "exclusive": true, "paths": {"containment": "/medium0/rack0/node3/socket1/core24"}}}, {"id": "354", "metadata": {"type": "core", "id": 25, "rank": -1, "exclusive": true, "paths": {"containment": "/medium0/rack0/node3/socket1/core25"}}}, {"id": "355", "metadata": {"type": "core", "id": 26, "rank": -1, "exclusive": true, "paths": {"containment": "/medium0/rack0/node3/socket1/core26"}}}, {"id": "356", "metadata": {"type": "core", "id": 27, "rank": -1, "exclusive": true, "paths": {"containment": "/medium0/rack0/node3/socket1/core27"}}}, {"id": "357", "metadata": {"type": "core", "id": 28, "rank": -1, "exclusive": true, "paths": {"containment": "/medium0/rack0/node3/socket1/core28"}}}, {"id": "358", "metadata": {"type": "core", "id": 29, "rank": -1, "exclusive": true, "paths": {"containment": "/medium0/rack0/node3/socket1/core29"}}}, {"id": "359", "metadata": {"type": "core", "id": 30, "rank": -1, "exclusive": true, "paths": {"containment": "/medium0/rack0/node3/socket1/core30"}}}, {"id": "360", "metadata": {"type": "core", "id": 31, "rank": -1, "exclusive": true, "paths": {"containment": "/medium0/rack0/node3/socket1/core31"}}}, {"id": "361", "metadata": {"type": "core", "id": 32, "rank": -1, "exclusive": true, "paths": {"containment": "/medium0/rack0/node3/socket1/core32"}}}, {"id": "362", "metadata": {"type": "core", "id": 33, "rank": -1, "exclusive": true, "paths": {"containment": "/medium0/rack0/node3/socket1/core33"}}}, {"id": "363", "metadata": {"type": "core", "id": 34, "rank": -1, "exclusive": true, "paths": {"containment": "/medium0/rack0/node3/socket1/core34"}}}, {"id": "364", "metadata": {"type": "core", "id": 35, "rank": -1, "exclusive": true, "paths": {"containment": "/medium0/rack0/node3/socket1/core35"}}}, {"id": "84", "metadata": {"type": "socket", "id": 1, "rank": -1, "exclusive": true, "paths": {"containment": "/medium0/rack0/node3/socket1"}}}, {"id": "8", "metadata": {"type": "node", "id": 3, "rank": -1, "exclusive": true, "paths": {"containment": "/medium0/rack0/node3"}}}, {"id": "1", "metadata": {"type": "rack", "id": 0, "rank": -1, "exclusive": true, "paths": {"containment": "/medium0/rack0"}}}, {"id": "0", "metadata": {"type": "cluster", "basename": "medium", "id": 0, "rank": -1, "exclusive": true, "paths": {"containment": "/medium0"}}}], "edges": [{"source": "77", "target": "221"}, {"source": "77", "target": "222"}, {"source": "77", "target": "223"}, {"source": "77", "target": "224"}, {"source": "77", "target": "225"}, {"source": "77", "target": "226"}, {"source": "77", "target": "227"}, {"source": "77", "target": "228"}, {"source": "77", "target": "229"}, {"source": "77", "target": "230"}, {"source": "77", "target": "231"}, {"source": "77", "target": "232"}, {"source": "77", "target": "233"}, {"source": "77", "target": "234"}, {"source": "77", "target": "235"}, {"source": "77", "target": "236"}, {"source": "77", "target": "237"}, {"source": "77", "target": "238"}, {"source": "5", "target": "77"}, {"source": "78", "target": "239"}, {"source": "78", "target": "240"}, {"source": "78", "target": "241"}, {"source": "78", "target": "242"}, {"source": "78", "target": "243"}, {"source": "78", "target": "244"}, {"source": "78", "target": "245"}, {"source": "78", "target": "246"}, {"source": "78", "target": "247"}, {"source": "78", "target": "248"}, {"source": "78", "target": "249"}, {"source": "78", "target": "250"}, {"source": "78", "target": "251"}, {"source": "78", "target": "252"}, {"source": "78", "target": "253"}, {"source": "78", "target": "254"}, {"source": "78", "target": "255"}, {"source": "78", "target": "256"}, {"source": "5", "target": "78"}, {"source": "1", "target": "5"}, {"source": "83", "target": "329"}, {"source": "83", "target": "330"}, {"source": "83", "target": "331"}, {"source": "83", "target": "332"}, {"source": "83", "target": "333"}, {"source": "83", "target": "334"}, {"source": "83", "target": "335"}, {"source": "83", "target": "336"}, {"source": "83", "target": "337"}, {"source": "83", "target": "338"}, {"source": "83", "target": "339"}, {"source": "83", "target": "340"}, {"source": "83", "target": "341"}, {"source": "83", "target": "342"}, {"source": "83", "target": "343"}, {"source": "83", "target": "344"}, {"source": "83", "target": "345"}, {"source": "83", "target": "346"}, {"source": "8", "target": "83"}, {"source": "84", "target": "347"}, {"source": "84", "target": "348"}, {"source": "84", "target": "349"}, {"source": "84", "target": "350"}, {"source": "84", "target": "351"}, {"source": "84", "target": "352"}, {"source": "84", "target": "353"}, {"source": "84", "target": "354"}, {"source": "84", "target": "355"}, {"source": "84", "target": "356"}, {"source": "84", "target": "357"}, {"source": "84", "target": "358"}, {"source": "84", "target": "359"}, {"source": "84", "target": "360"}, {"source": "84", "target": "361"}, {"source": "84", "target": "362"}, {"source": "84", "target": "363"}, {"source": "84", "target": "364"}, {"source": "8", "target": "84"}, {"source": "1", "target": "8"}, {"source": "0", "target": "1"}]}}
INFO: =============================
INFO: EXPRESSION="status=up"
INFO: =============================
